[tekashi-panenled-real.blogspot.com/index40aa.html]
[tekashi-panenled-real.blogspot.com/' rel='icon' type='image/x-icon.0.delayed]
[backblue.gif]
[fade.gif]
[index.html]
[apis.google.com/js/platform.js]
[uproxx.com/wp-content/uploads/2020/08/tekashi-69-tattle-tales.jpg]
[cdn.i-scmp.com/sites/default/files/d8/images/canvas/2023/02/18/4fc2d542-d9c3-414f-9278-b7aac44e90d0_f20263a5.jpg]
[i.pinimg.com/originals/02/1b/df/021bdff8984ad9f3706e2a2317c078f0.png]
[icon-library.com/images/visa-master-icon/visa-master-icon-26.jpg]
[blogger.googleusercontent.com/img/b/R29vZ2xl/AVvXsEjDT5PQhQ-7FaZTDfSR-N_SzOyBVWhUn8O4q-Itv7P/s610/1000013038.png]
[i.ibb.co.com/mHK5DJz/Tanda-Panah-Bawah-1.gif]
[tekashi-panenled-real.blogspot.com/index40aa.html]
[tekashi-panenled-real.blogspot.com/' rel='icon' type='image/x-icon.html]
[www.blogger.com/static/v1/v-css/navbar/3334278262-classic.css]
[i.ibb.co.com/r73K1qj/Whats-App-Image-2024-05-25-at-02-22-37.jpg]
[i.ibb.co.com/0QmL1dq/Whats-App-Image-2024-05-25-at-02-31-54.jpg]
